// Jest Snapshot v1, https://goo.gl/fbAQLP

exports[`renders correctly 1`] = `
<div
  className={undefined}
>
  <div>
    <p>
      Quality
    </p>
    <h4
      style={
        Object {
          "color": "#d41243",
        }
      }
    >
      0.9392171854054061
      %
    </h4>
    <svg
      className="rc-progress-circle "
      style={Object {}}
      viewBox="0 0 100 100"
    >
      <path
        className="rc-progress-circle-trail"
        d="M 50,50 m 0,-45
           a 45,45 0 1 1 0,90
           a 45,45 0 1 1 0,-90"
        fillOpacity="0"
        stroke="#D9D9D9"
        strokeWidth={1}
        style={
          Object {
            "strokeDasharray": "282.7433388230814px 282.7433388230814px",
            "strokeDashoffset": "-0px",
            "transition": "stroke-dashoffset .3s ease 0s, stroke-dasharray .3s ease 0s, stroke .3s",
          }
        }
      />
      <path
        className="rc-progress-circle-path"
        d="M 50,50 m 0,-45
           a 45,45 0 1 1 0,90
           a 45,45 0 1 1 0,-90"
        fillOpacity="0"
        stroke="#d41243"
        strokeLinecap="butt"
        strokeWidth="10"
        style={
          Object {
            "strokeDasharray": "2.655574028815416px 282.7433388230814px",
            "strokeDashoffset": "-0px",
            "transition": "stroke-dashoffset .3s ease 0s, stroke-dasharray .3s ease 0s, stroke .3s, stroke-width .06s ease .3s",
          }
        }
      />
    </svg>
  </div>
  <div>
    <p>
      Maintenance
    </p>
    <h4
      style={
        Object {
          "color": "#d41243",
        }
      }
    >
      0.9999999595107407
      %
    </h4>
    <svg
      className="rc-progress-circle "
      style={Object {}}
      viewBox="0 0 100 100"
    >
      <path
        className="rc-progress-circle-trail"
        d="M 50,50 m 0,-45
           a 45,45 0 1 1 0,90
           a 45,45 0 1 1 0,-90"
        fillOpacity="0"
        stroke="#D9D9D9"
        strokeWidth={1}
        style={
          Object {
            "strokeDasharray": "282.7433388230814px 282.7433388230814px",
            "strokeDashoffset": "-0px",
            "transition": "stroke-dashoffset .3s ease 0s, stroke-dasharray .3s ease 0s, stroke .3s",
          }
        }
      />
      <path
        className="rc-progress-circle-path"
        d="M 50,50 m 0,-45
           a 45,45 0 1 1 0,90
           a 45,45 0 1 1 0,-90"
        fillOpacity="0"
        stroke="#d41243"
        strokeLinecap="butt"
        strokeWidth="10"
        style={
          Object {
            "strokeDasharray": "2.82743327375013px 282.7433388230814px",
            "strokeDashoffset": "-0px",
            "transition": "stroke-dashoffset .3s ease 0s, stroke-dasharray .3s ease 0s, stroke .3s, stroke-width .06s ease .3s",
          }
        }
      />
    </svg>
  </div>
  <div>
    <p>
      Popularity
    </p>
    <h4
      style={
        Object {
          "color": "#d41243",
        }
      }
    >
      0.06060838884010745
      %
    </h4>
    <svg
      className="rc-progress-circle "
      style={Object {}}
      viewBox="0 0 100 100"
    >
      <path
        className="rc-progress-circle-trail"
        d="M 50,50 m 0,-45
           a 45,45 0 1 1 0,90
           a 45,45 0 1 1 0,-90"
        fillOpacity="0"
        stroke="#D9D9D9"
        strokeWidth={1}
        style={
          Object {
            "strokeDasharray": "282.7433388230814px 282.7433388230814px",
            "strokeDashoffset": "-0px",
            "transition": "stroke-dashoffset .3s ease 0s, stroke-dasharray .3s ease 0s, stroke .3s",
          }
        }
      />
      <path
        className="rc-progress-circle-path"
        d="M 50,50 m 0,-45
           a 45,45 0 1 1 0,90
           a 45,45 0 1 1 0,-90"
        fillOpacity="0"
        stroke="#d41243"
        strokeLinecap="butt"
        strokeWidth="10"
        style={
          Object {
            "strokeDasharray": "0.17136618221339564px 282.7433388230814px",
            "strokeDashoffset": "-0px",
            "transition": "stroke-dashoffset .3s ease 0s, stroke-dasharray .3s ease 0s, stroke .3s, stroke-width .06s ease .3s",
          }
        }
      />
    </svg>
  </div>
</div>
`;
