// Jest Snapshot v1, https://goo.gl/fbAQLP

exports[`renders correctly 1`] = `
<span
  className={undefined}
>
  <span
    className={undefined}
  />
</span>
`;
